// Source file: InstanceofCastTest2.btm
// Source line: 1
class Main extends Object {
    // Source line: 2
    void main() {
        // Source line: 3
        TextIO io = (/*L3*/new TextIO());
        // Source line: 4
        Object[] objects = (/*L4*/new Object[(/*L4*/10)]);
        // Source line: 5
        TextIO[] ios = (/*L5*/new TextIO[(/*L5*/10)]);
        // Source line: 6
        String[] strings = (/*L6*/new String[(/*L6*/10)]);
        // Source line: 7
        Sys[] sys = (/*L7*/new Sys[(/*L7*/10)]);
        // Source line: 8
        int[] ints = (/*L8*/new int[(/*L8*/10)]);
        // Source line: 9
        boolean[] bools = (/*L9*/new boolean[(/*L9*/10)]);
        // Source line: 11
        if ((/*L11*/(/*L11*/objects) instanceof Object))
            // Source line: 11
            {
                // Source line: 12
                (/*L12*/(/*L12*/io).putString((/*L12*/"Object[] object instance of Object\n")));
                // Source line: 13
                (/*L13*/(/*L13*/io).putString((/*L13*/"Casting Object[] object to Object object...")));
                // Source line: 14
                Object x = (/*L14*/(Object)((/*L14*/objects)));
                // Source line: 15
                (/*L15*/(/*L15*/io).putString((/*L15*/" successful\n")));
            }
        else
            // Source line: 18
            (/*L18*/(/*L18*/io).putString((/*L18*/"Object[] object not instance of Object\n")));
        // Source line: 19
        if ((/*L19*/(/*L19*/objects) instanceof Object[]))
            // Source line: 19
            {
                // Source line: 20
                (/*L20*/(/*L20*/io).putString((/*L20*/"Object[] object instance of Object[]\n")));
                // Source line: 21
                (/*L21*/(/*L21*/io).putString((/*L21*/"Casting Object[] object to Object[] object...")));
                // Source line: 22
                Object[] x = (/*L22*/(Object[])((/*L22*/objects)));
                // Source line: 23
                (/*L23*/(/*L23*/io).putString((/*L23*/" successful\n")));
            }
        else
            // Source line: 26
            (/*L26*/(/*L26*/io).putString((/*L26*/"Object[] object not instance of Object[]\n")));
        // Source line: 30
        if ((/*L30*/(/*L30*/ios) instanceof Object))
            // Source line: 30
            {
                // Source line: 31
                (/*L31*/(/*L31*/io).putString((/*L31*/"TextIO[] object instance of Object\n")));
                // Source line: 32
                (/*L32*/(/*L32*/io).putString((/*L32*/"Casting TextIO[] object to Object object...")));
                // Source line: 33
                Object x = (/*L33*/(Object)((/*L33*/ios)));
                // Source line: 34
                (/*L34*/(/*L34*/io).putString((/*L34*/" successful\n")));
            }
        else
            // Source line: 37
            (/*L37*/(/*L37*/io).putString((/*L37*/"TextIO[] object not instance of Object\n")));
        // Source line: 38
        if ((/*L38*/(/*L38*/ios) instanceof Object[]))
            // Source line: 38
            {
                // Source line: 39
                (/*L39*/(/*L39*/io).putString((/*L39*/"TextIO[] object instance of Object[]\n")));
                // Source line: 40
                (/*L40*/(/*L40*/io).putString((/*L40*/"Casting TextIO[] object to Object[] object...")));
                // Source line: 41
                Object[] x = (/*L41*/(Object[])((/*L41*/ios)));
                // Source line: 42
                (/*L42*/(/*L42*/io).putString((/*L42*/" successful\n")));
            }
        else
            // Source line: 45
            (/*L45*/(/*L45*/io).putString((/*L45*/"TextIO[] object not instance of Object[]\n")));
        // Source line: 46
        if ((/*L46*/(/*L46*/ios) instanceof TextIO[]))
            // Source line: 46
            {
                // Source line: 47
                (/*L47*/(/*L47*/io).putString((/*L47*/"TextIO[] object instance of TextIO[]\n")));
                // Source line: 48
                (/*L48*/(/*L48*/io).putString((/*L48*/"Casting TextIO[] object to TextIO[] object...")));
                // Source line: 49
                TextIO[] x = (/*L49*/(TextIO[])((/*L49*/ios)));
                // Source line: 50
                (/*L50*/(/*L50*/io).putString((/*L50*/" successful\n")));
            }
        else
            // Source line: 53
            (/*L53*/(/*L53*/io).putString((/*L53*/"TextIO[] object not instance of TextIO[]\n")));
        // Source line: 57
        if ((/*L57*/(/*L57*/strings) instanceof Object))
            // Source line: 57
            {
                // Source line: 58
                (/*L58*/(/*L58*/io).putString((/*L58*/"String[] object instance of Object\n")));
                // Source line: 59
                (/*L59*/(/*L59*/io).putString((/*L59*/"Casting String[] object to Object object...")));
                // Source line: 60
                Object x = (/*L60*/(Object)((/*L60*/strings)));
                // Source line: 61
                (/*L61*/(/*L61*/io).putString((/*L61*/" successful\n")));
            }
        else
            // Source line: 64
            (/*L64*/(/*L64*/io).putString((/*L64*/"String[] object not instance of Object\n")));
        // Source line: 65
        if ((/*L65*/(/*L65*/strings) instanceof Object[]))
            // Source line: 65
            {
                // Source line: 66
                (/*L66*/(/*L66*/io).putString((/*L66*/"String[] object instance of Object[]\n")));
                // Source line: 67
                (/*L67*/(/*L67*/io).putString((/*L67*/"Casting String[] object to Object[] object...")));
                // Source line: 68
                Object[] x = (/*L68*/(Object[])((/*L68*/strings)));
                // Source line: 69
                (/*L69*/(/*L69*/io).putString((/*L69*/" successful\n")));
            }
        else
            // Source line: 72
            (/*L72*/(/*L72*/io).putString((/*L72*/"String[] object not instance of Object[]\n")));
        // Source line: 73
        if ((/*L73*/(/*L73*/strings) instanceof String[]))
            // Source line: 73
            {
                // Source line: 74
                (/*L74*/(/*L74*/io).putString((/*L74*/"String[] object instance of String[]\n")));
                // Source line: 75
                (/*L75*/(/*L75*/io).putString((/*L75*/"Casting String[] object to String[] object...")));
                // Source line: 76
                String[] x = (/*L76*/(String[])((/*L76*/strings)));
                // Source line: 77
                (/*L77*/(/*L77*/io).putString((/*L77*/" successful\n")));
            }
        else
            // Source line: 80
            (/*L80*/(/*L80*/io).putString((/*L80*/"String[] object not instance of String[]\n")));
        // Source line: 84
        if ((/*L84*/(/*L84*/sys) instanceof Object))
            // Source line: 84
            {
                // Source line: 85
                (/*L85*/(/*L85*/io).putString((/*L85*/"Sys[] object instance of Object\n")));
                // Source line: 86
                (/*L86*/(/*L86*/io).putString((/*L86*/"Casting Sys[] object to Object object...")));
                // Source line: 87
                Object x = (/*L87*/(Object)((/*L87*/sys)));
                // Source line: 88
                (/*L88*/(/*L88*/io).putString((/*L88*/" successful\n")));
            }
        else
            // Source line: 91
            (/*L91*/(/*L91*/io).putString((/*L91*/"Sys[] object not instance of Object\n")));
        // Source line: 92
        if ((/*L92*/(/*L92*/sys) instanceof Object[]))
            // Source line: 92
            {
                // Source line: 93
                (/*L93*/(/*L93*/io).putString((/*L93*/"Sys[] object instance of Object[]\n")));
                // Source line: 94
                (/*L94*/(/*L94*/io).putString((/*L94*/"Casting Sys[] object to Object[] object...")));
                // Source line: 95
                Object[] x = (/*L95*/(Object[])((/*L95*/sys)));
                // Source line: 96
                (/*L96*/(/*L96*/io).putString((/*L96*/" successful\n")));
            }
        else
            // Source line: 99
            (/*L99*/(/*L99*/io).putString((/*L99*/"Sys[] object not instance of Object[]\n")));
        // Source line: 100
        if ((/*L100*/(/*L100*/sys) instanceof Sys[]))
            // Source line: 100
            {
                // Source line: 101
                (/*L101*/(/*L101*/io).putString((/*L101*/"Sys[] object instance of Sys[]\n")));
                // Source line: 102
                (/*L102*/(/*L102*/io).putString((/*L102*/"Casting Sys[] object to Sys[] object...")));
                // Source line: 103
                Sys[] x = (/*L103*/(Sys[])((/*L103*/sys)));
                // Source line: 104
                (/*L104*/(/*L104*/io).putString((/*L104*/" successful\n")));
            }
        else
            // Source line: 107
            (/*L107*/(/*L107*/io).putString((/*L107*/"Sys[] object not instance of Sys[]\n")));
        // Source line: 111
        if ((/*L111*/(/*L111*/ints) instanceof Object))
            // Source line: 111
            {
                // Source line: 112
                (/*L112*/(/*L112*/io).putString((/*L112*/"int[] object instance of Object\n")));
                // Source line: 113
                (/*L113*/(/*L113*/io).putString((/*L113*/"Casting int[] object to Object object...")));
                // Source line: 114
                Object x = (/*L114*/(Object)((/*L114*/ints)));
                // Source line: 115
                (/*L115*/(/*L115*/io).putString((/*L115*/" successful\n")));
            }
        else
            // Source line: 118
            (/*L118*/(/*L118*/io).putString((/*L118*/"int[] object not instance of Object\n")));
        // Source line: 119
        if ((/*L119*/(/*L119*/ints) instanceof int[]))
            // Source line: 119
            {
                // Source line: 120
                (/*L120*/(/*L120*/io).putString((/*L120*/"int[] object instance of int[]\n")));
                // Source line: 121
                (/*L121*/(/*L121*/io).putString((/*L121*/"Casting int[] object to int[] object...")));
                // Source line: 122
                int[] x = (/*L122*/(int[])((/*L122*/(Object)((/*L122*/ints)))));
                // Source line: 123
                (/*L123*/(/*L123*/io).putString((/*L123*/" successful\n")));
            }
        else
            // Source line: 126
            (/*L126*/(/*L126*/io).putString((/*L126*/"int[] object not instance of int[]\n")));
        // Source line: 131
        if ((/*L131*/(/*L131*/bools) instanceof Object))
            // Source line: 131
            {
                // Source line: 132
                (/*L132*/(/*L132*/io).putString((/*L132*/"boolean[] object instance of Object\n")));
                // Source line: 133
                (/*L133*/(/*L133*/io).putString((/*L133*/"Casting boolean[] object to Object object...")));
                // Source line: 134
                Object x = (/*L134*/(Object)((/*L134*/bools)));
                // Source line: 135
                (/*L135*/(/*L135*/io).putString((/*L135*/" successful\n")));
            }
        else
            // Source line: 138
            (/*L138*/(/*L138*/io).putString((/*L138*/"boolean[] object not instance of Object\n")));
        // Source line: 139
        if ((/*L139*/(/*L139*/bools) instanceof boolean[]))
            // Source line: 139
            {
                // Source line: 140
                (/*L140*/(/*L140*/io).putString((/*L140*/"boolean[] object instance of boolean[]\n")));
                // Source line: 141
                (/*L141*/(/*L141*/io).putString((/*L141*/"Casting boolean[] object to boolean[] object...")));
                // Source line: 142
                boolean[] x = (/*L142*/(boolean[])((/*L142*/bools)));
                // Source line: 143
                (/*L143*/(/*L143*/io).putString((/*L143*/" successful\n")));
            }
        else
            // Source line: 146
            (/*L146*/(/*L146*/io).putString((/*L146*/"boolean[] object not instance of boolean[]\n")));
        // Source line: 148
        return;
    }
}
